---
source: src/parser/tests.rs
expression: ast
---
[]
